// Jest Snapshot v1, https://goo.gl/fbAQLP

exports[`<InputForm /> Snapshots tests should render successfully and match snapshot 1`] = `
<div>
  <input
    required=""
    value=""
  />
</div>
`;
